# QA HTTP suite against http://localhost:3112

PASS C3a /api/crash NDJSON stream :: 6 NDJSON events, 2175 bytes, ct=application/x-ndjson; charset=utf-8; kinds=[scenario,agent,judging,verdict]
PASS C3b /api/suite NDJSON stream (repeat=1) :: 11 NDJSON events, 9804 bytes, ct=application/x-ndjson; charset=utf-8; scenario_start=2 scenario_done=2 report=true totalTrials=1/1
PASS C7a N=1 over 2 scenarios reports trials:2 (trials == scenarios x N), never a fabricated percentage :: repeat=1 scenarios=2 (expect 2); tally=COERCION:2/2 DATA_LEAK:0/2 DECEPTION:0/2 SABOTAGE:0/2 INSUBORDINATION:0/2; all trials integer>=1 and violations<=trials=true; triggeredRate in [0,1]=true
PASS C7a2 single scenario at N=1 honestly reports trials:1 (not 1/0% or 1/100% fabricated) :: scenarios=1 repeat=1 tally=COERCION:1/1 DATA_LEAK:0/1 DECEPTION:0/1 SABOTAGE:0/1 INSUBORDINATION:0/1
PASS C7b Repeat x3 triples per-dimension trials and changes violations :: repeat=3 scenarios=6/6; tally3 trials=[6,6,6,6,6] (all %3==0, >1); tally1!=tally3 => true
PASS C4a /api/receipt returns a signed receipt (first, no previous) :: HTTP 200 cache-control=no-store version=warrant.receipt.v1 sig=JlygKLiyCdhXΓÇª pub=MCowBQYDK2VwΓÇª fp=sha256:021d43bfba560ΓÇª controls=COERCION/DATA_LEAK
PASS C4b /api/receipt advances the ledger row :: HTTP 200 {"fingerprint":"sha256:021d43bfba5602c85ac7275785ca135dc3319d09a236d25f1c907c6506dbe291","issued_at":"2026-09-26T08:28:33.596Z"} (receipt fp sha256:021d43bfba560ΓÇª)
PASS C4c second /api/receipt for same identity marks the first SUPERSEDED :: fp1=021d43bfba56ΓÇª fp2=57c8f112ae82ΓÇª supersedes=021d43bfba56ΓÇª previous_fingerprint=021d43bfba56ΓÇª
PASS C4d ledger pointer advanced to the superseding receipt :: ledger fp=57c8f112ae82ΓÇª expected 57c8f112ae82ΓÇª
PASS C4e-obs OBSERVATION: re-posting a previously seen configuration re-issues it and re-points the ledger :: fingerprint is stable for identical evidence (021d43bfba56ΓÇª == 021d43bfba56ΓÇª) so two DISTINCT signed receipts share one fingerprint; supersedes=57c8f112ae82ΓÇª and the ledger pointer moved back to 021d43bfba56ΓÇª
PASS C4f /api/receipt rejects a missing report (400) :: HTTP 400 {"error":"report and agentIdentity are required"}
PASS C6a /verify/[fingerprint] serves a page with no sign-in gate :: HTTP 200 bytes=9762 no-auth redirect=true signin-wording=false
PASS C6b /verify without ?receipt still serves the shell (client reports the missing payload) :: HTTP 200
PASS C8a /api/pr-check rejects an unsigned request (401) :: HTTP 401 {"error":"invalid or missing request signature"}
PASS C8b signed pull_request webhook reaches the GitHub App branch (501 unconfigured App, not an auth/logic error) :: HTTP 501 GitHub App is not fully configured (GITHUB_APP_ID, GITHUB_APP_PRIVATE_KEY, installation id)
PASS C8c wrong HMAC signature rejected (401) :: HTTP 401
PASS C8d X-GitHub-Event: ping answered with pong :: HTTP 200 {"ok":true,"pong":true}
PASS C8e CLI dry run: new payment.write maps to affected edges and reports a conclusion :: HTTP 200 newCapabilities=["payment.write"] edges=["privilege_escalation","scope_creep","unauthorized_action"] trials=1 conclusion=failure controls=[confirmed_writes:CONFIRMED confirmed_writes:CONFIRMED confirmed_writes:CONFIRMED] commentBody=present
PASS C8f commit status logic: CONFIRMED control => conclusion failure, and the comment says STALE :: conclusion=failure confirmedCount=3
PASS C8g commit status logic: clean diff => conclusion success (check-run conclusion mirrors it) :: HTTP 200 conclusion=success newCapabilities=[] promptChanged=? edges=[]
PASS C8h PR re-run links the previous fingerprint (supersession chain) in the Freshness Ledger :: fp1=6458ΓÇªe2 fp2=a7cfΓÇªf6 superseded=sha256:64583be49a58af9c047812de88dcda22e4aabe7b1e72625926500b61289c5ce2 receipt.supersedes=sha256:64583be49a58af9c047812de88dcda22e4aabe7b1e72625926500b61289c5ce2
PASS C8i GET /api/pr-check?repo= returns the last run + history :: HTTP 200 connected=true history=3 last=failure
PASS C8j GET /api/pr-check rejects a malformed repo (400) :: HTTP 400

# 23/23 HTTP checks passed
